CREATE SCHEMA s1;
CREATE EXTENSION tcle SCHEMA s1;
